[dotenv@17.2.3] injecting env (9) from .env -- tip: ⚙️  write to custom object with { processEnv: myObject }
[dotenv@17.2.3] injecting env (0) from .env -- tip: ⚙️  suppress all logs with { quiet: true }
🔐 Production Auth routes loaded
⚠️  MONGODB_URI points to Atlas, using local MongoDB instead
🔗 Connecting to MongoDB...
📍 Using: Local MongoDB (mongodb://localhost:27017)
🟢 Mongoose connected to MongoDB
✅ MongoDB Connected: localhost
📊 Database: healthcare-platform
🔗 Connection Status: Connected
✅ MongoDB: Connected successfully
🚀 Healthcare Backend running on port 5001
✅ Health: http://localhost:5001/api/health
🔐 Auth Routes:
   POST http://localhost:5001/api/v1/auth/login
   POST http://localhost:5001/api/v1/auth/register
   POST http://localhost:5001/api/v1/auth/refresh

📝 Note: Some features require MongoDB connection
GET /api/v1/patients/profile {}
🔑 Auth header: Present
🔑 Request headers keys: [ 'authorization' ]
🔑 Auth header value (first 20 chars): Bearer eyJhbGciOiJIU...
✅ Token found, verifying...
GET /api/v1/patients/notifications {}
🔑 Auth header: Present
🔑 Request headers keys: [ 'authorization' ]
🔑 Auth header value (first 20 chars): Bearer eyJhbGciOiJIU...
✅ Token found, verifying...
GET /api/v1/patients/scans {}
🔑 Auth header: Present
🔑 Request headers keys: [ 'authorization' ]
🔑 Auth header value (first 20 chars): Bearer eyJhbGciOiJIU...
✅ Token found, verifying...
GET /api/v1/appointments {}
🔑 Auth header: Present
🔑 Request headers keys: [ 'authorization' ]
🔑 Auth header value (first 20 chars): Bearer eyJhbGciOiJIU...
✅ Token found, verifying...
GET /api/v1/patients/scans {}
🔑 Auth header: Present
🔑 Request headers keys: [ 'authorization' ]
🔑 Auth header value (first 20 chars): Bearer eyJhbGciOiJIU...
✅ Token found, verifying...
GET /api/v1/patients/profile {}
🔑 Auth header: Present
🔑 Request headers keys: [ 'authorization' ]
🔑 Auth header value (first 20 chars): Bearer eyJhbGciOiJIU...
✅ Token found, verifying...
GET /api/v1/appointments {}
🔑 Auth header: Present
🔑 Request headers keys: [ 'authorization' ]
🔑 Auth header value (first 20 chars): Bearer eyJhbGciOiJIU...
✅ Token found, verifying...
GET /api/v1/patients/scans {}
🔑 Auth header: Present
🔑 Request headers keys: [ 'authorization' ]
🔑 Auth header value (first 20 chars): Bearer eyJhbGciOiJIU...
✅ Token found, verifying...
GET /api/v1/patients/notifications {}
🔑 Auth header: Present
🔑 Request headers keys: [ 'authorization' ]
🔑 Auth header value (first 20 chars): Bearer eyJhbGciOiJIU...
✅ Token found, verifying...
✅ User attached to request: {
  userId: '694e1f900f1755c17615f3d0',
  email: 'omsawant@example.com',
  role: 'patient',
  hasRole: true,
  userType: 'object',
  isMongooseDoc: true
}
✅ User attached to request: {
  userId: '694e1f900f1755c17615f3d0',
  email: 'omsawant@example.com',
  role: 'patient',
  hasRole: true,
  userType: 'object',
  isMongooseDoc: true
}
✅ User attached to request: {
  userId: '694e1f900f1755c17615f3d0',
  email: 'omsawant@example.com',
  role: 'patient',
  hasRole: true,
  userType: 'object',
  isMongooseDoc: true
}
✅ User attached to request: {
  userId: '694e1f900f1755c17615f3d0',
  email: 'omsawant@example.com',
  role: 'patient',
  hasRole: true,
  userType: 'object',
  isMongooseDoc: true
}
✅ User attached to request: {
  userId: '694e1f900f1755c17615f3d0',
  email: 'omsawant@example.com',
  role: 'patient',
  hasRole: true,
  userType: 'object',
  isMongooseDoc: true
}
✅ User attached to request: {
  userId: '694e1f900f1755c17615f3d0',
  email: 'omsawant@example.com',
  role: 'patient',
  hasRole: true,
  userType: 'object',
  isMongooseDoc: true
}
✅ User attached to request: {
  userId: '694e1f900f1755c17615f3d0',
  email: 'omsawant@example.com',
  role: 'patient',
  hasRole: true,
  userType: 'object',
  isMongooseDoc: true
}
✅ User attached to request: {
  userId: '694e1f900f1755c17615f3d0',
  email: 'omsawant@example.com',
  role: 'patient',
  hasRole: true,
  userType: 'object',
  isMongooseDoc: true
}
✅ User attached to request: {
  userId: '694e1f900f1755c17615f3d0',
  email: 'omsawant@example.com',
  role: 'patient',
  hasRole: true,
  userType: 'object',
  isMongooseDoc: true
}
✅ Patient ID fetched: PMJMFZ8K62CE0
✅ User authenticated: omsawant@example.com Role: patient RoleSpecificId: PMJMFZ8K62CE0
✅ Calling next() - req.user exists: true req.user.role: patient
HIPAA Warning: Request missing audit log header
HIPAA Audit: User omsawant@example.com accessed / at 2025-12-27T15:29:36.709Z
🔐 authorizeRoles middleware called for: GET /
🔐 authorizeRoles check: {
  hasUser: true,
  userRole: 'patient',
  userRoleAlt: 'patient',
  allowedRoles: [ 'patient', 'doctor', 'hospital' ],
  reqKeys: [ 'user', 'userRole', 'tokenPayload' ]
}
✅ authorizeRoles: User role: patient Allowed: [ 'patient', 'doctor', 'hospital' ]
✅ authorizeRoles: Access granted
✅ Patient ID fetched: PMJMFZ8K62CE0
✅ User authenticated: omsawant@example.com Role: patient RoleSpecificId: PMJMFZ8K62CE0
✅ Calling next() - req.user exists: true req.user.role: patient
HIPAA Warning: Request missing audit log header
HIPAA Audit: User omsawant@example.com accessed /profile at 2025-12-27T15:29:36.710Z
🔐 authorizeRoles middleware called for: GET /profile
🔐 authorizeRoles check: {
  hasUser: true,
  userRole: 'patient',
  userRoleAlt: 'patient',
  allowedRoles: [ 'patient', 'doctor', 'hospital' ],
  reqKeys: [ 'user', 'userRole', 'tokenPayload' ]
}
✅ authorizeRoles: User role: patient Allowed: [ 'patient', 'doctor', 'hospital' ]
✅ authorizeRoles: Access granted
✅ Patient ID fetched: PMJMFZ8K62CE0
✅ User authenticated: omsawant@example.com Role: patient RoleSpecificId: PMJMFZ8K62CE0
✅ Calling next() - req.user exists: true req.user.role: patient
HIPAA Warning: Request missing audit log header
HIPAA Audit: User omsawant@example.com accessed /scans at 2025-12-27T15:29:36.712Z
🔐 authorizeRoles middleware called for: GET /scans
🔐 authorizeRoles check: {
  hasUser: true,
  userRole: 'patient',
  userRoleAlt: 'patient',
  allowedRoles: [ 'patient', 'doctor' ],
  reqKeys: [ 'user', 'userRole', 'tokenPayload' ]
}
✅ authorizeRoles: User role: patient Allowed: [ 'patient', 'doctor' ]
✅ authorizeRoles: Access granted
✅ Patient ID fetched: PMJMFZ8K62CE0
✅ User authenticated: omsawant@example.com Role: patient RoleSpecificId: PMJMFZ8K62CE0
✅ Calling next() - req.user exists: true req.user.role: patient
HIPAA Warning: Request missing audit log header
HIPAA Audit: User omsawant@example.com accessed /profile at 2025-12-27T15:29:36.714Z
🔐 authorizeRoles middleware called for: GET /profile
🔐 authorizeRoles check: {
  hasUser: true,
  userRole: 'patient',
  userRoleAlt: 'patient',
  allowedRoles: [ 'patient', 'doctor', 'hospital' ],
  reqKeys: [ 'user', 'userRole', 'tokenPayload' ]
}
✅ authorizeRoles: User role: patient Allowed: [ 'patient', 'doctor', 'hospital' ]
✅ authorizeRoles: Access granted
✅ Patient ID fetched: PMJMFZ8K62CE0
✅ User authenticated: omsawant@example.com Role: patient RoleSpecificId: PMJMFZ8K62CE0
✅ Calling next() - req.user exists: true req.user.role: patient
HIPAA Warning: Request missing audit log header
HIPAA Audit: User omsawant@example.com accessed /notifications at 2025-12-27T15:29:36.715Z
❓ Unmatched route: GET /api/v1/patients/notifications
✅ Patient ID fetched: PMJMFZ8K62CE0
✅ User authenticated: omsawant@example.com Role: patient RoleSpecificId: PMJMFZ8K62CE0
✅ Calling next() - req.user exists: true req.user.role: patient
HIPAA Warning: Request missing audit log header
HIPAA Audit: User omsawant@example.com accessed /scans at 2025-12-27T15:29:36.716Z
🔐 authorizeRoles middleware called for: GET /scans
🔐 authorizeRoles check: {
  hasUser: true,
  userRole: 'patient',
  userRoleAlt: 'patient',
  allowedRoles: [ 'patient', 'doctor' ],
  reqKeys: [ 'user', 'userRole', 'tokenPayload' ]
}
✅ authorizeRoles: User role: patient Allowed: [ 'patient', 'doctor' ]
✅ authorizeRoles: Access granted
✅ Patient ID fetched: PMJMFZ8K62CE0
✅ User authenticated: omsawant@example.com Role: patient RoleSpecificId: PMJMFZ8K62CE0
✅ Calling next() - req.user exists: true req.user.role: patient
HIPAA Warning: Request missing audit log header
HIPAA Audit: User omsawant@example.com accessed / at 2025-12-27T15:29:36.717Z
🔐 authorizeRoles middleware called for: GET /
🔐 authorizeRoles check: {
  hasUser: true,
  userRole: 'patient',
  userRoleAlt: 'patient',
  allowedRoles: [ 'patient', 'doctor', 'hospital' ],
  reqKeys: [ 'user', 'userRole', 'tokenPayload' ]
}
✅ authorizeRoles: User role: patient Allowed: [ 'patient', 'doctor', 'hospital' ]
✅ authorizeRoles: Access granted
✅ Patient ID fetched: PMJMFZ8K62CE0
✅ User authenticated: omsawant@example.com Role: patient RoleSpecificId: PMJMFZ8K62CE0
✅ Calling next() - req.user exists: true req.user.role: patient
HIPAA Warning: Request missing audit log header
HIPAA Audit: User omsawant@example.com accessed /notifications at 2025-12-27T15:29:36.718Z
❓ Unmatched route: GET /api/v1/patients/notifications
✅ Patient ID fetched: PMJMFZ8K62CE0
✅ User authenticated: omsawant@example.com Role: patient RoleSpecificId: PMJMFZ8K62CE0
✅ Calling next() - req.user exists: true req.user.role: patient
HIPAA Warning: Request missing audit log header
HIPAA Audit: User omsawant@example.com accessed /scans at 2025-12-27T15:29:36.721Z
🔐 authorizeRoles middleware called for: GET /scans
🔐 authorizeRoles check: {
  hasUser: true,
  userRole: 'patient',
  userRoleAlt: 'patient',
  allowedRoles: [ 'patient', 'doctor' ],
  reqKeys: [ 'user', 'userRole', 'tokenPayload' ]
}
✅ authorizeRoles: User role: patient Allowed: [ 'patient', 'doctor' ]
✅ authorizeRoles: Access granted
GET /api/v1/patients/notifications {}
🔑 Auth header: Present
🔑 Request headers keys: [ 'authorization' ]
🔑 Auth header value (first 20 chars): Bearer eyJhbGciOiJIU...
✅ Token found, verifying...
✅ User attached to request: {
  userId: '694e1f900f1755c17615f3d0',
  email: 'omsawant@example.com',
  role: 'patient',
  hasRole: true,
  userType: 'object',
  isMongooseDoc: true
}
GET /api/v1/patients/scans {}
🔑 Auth header: Present
🔑 Request headers keys: [ 'authorization' ]
🔑 Auth header value (first 20 chars): Bearer eyJhbGciOiJIU...
✅ Token found, verifying...
✅ Patient ID fetched: PMJMFZ8K62CE0
✅ User authenticated: omsawant@example.com Role: patient RoleSpecificId: PMJMFZ8K62CE0
✅ Calling next() - req.user exists: true req.user.role: patient
HIPAA Warning: Request missing audit log header
HIPAA Audit: User omsawant@example.com accessed /notifications at 2025-12-27T15:29:36.733Z
❓ Unmatched route: GET /api/v1/patients/notifications
✅ User attached to request: {
  userId: '694e1f900f1755c17615f3d0',
  email: 'omsawant@example.com',
  role: 'patient',
  hasRole: true,
  userType: 'object',
  isMongooseDoc: true
}
✅ Patient ID fetched: PMJMFZ8K62CE0
✅ User authenticated: omsawant@example.com Role: patient RoleSpecificId: PMJMFZ8K62CE0
✅ Calling next() - req.user exists: true req.user.role: patient
HIPAA Warning: Request missing audit log header
HIPAA Audit: User omsawant@example.com accessed /scans at 2025-12-27T15:29:36.738Z
🔐 authorizeRoles middleware called for: GET /scans
🔐 authorizeRoles check: {
  hasUser: true,
  userRole: 'patient',
  userRoleAlt: 'patient',
  allowedRoles: [ 'patient', 'doctor' ],
  reqKeys: [ 'user', 'userRole', 'tokenPayload' ]
}
✅ authorizeRoles: User role: patient Allowed: [ 'patient', 'doctor' ]
✅ authorizeRoles: Access granted
GET /api/v1/patients/profile {}
🔑 Auth header: Present
🔑 Request headers keys: [ 'authorization' ]
🔑 Auth header value (first 20 chars): Bearer eyJhbGciOiJIU...
✅ Token found, verifying...
✅ User attached to request: {
  userId: '694e1f900f1755c17615f3d0',
  email: 'omsawant@example.com',
  role: 'patient',
  hasRole: true,
  userType: 'object',
  isMongooseDoc: true
}
✅ Patient ID fetched: PMJMFZ8K62CE0
✅ User authenticated: omsawant@example.com Role: patient RoleSpecificId: PMJMFZ8K62CE0
✅ Calling next() - req.user exists: true req.user.role: patient
HIPAA Warning: Request missing audit log header
HIPAA Audit: User omsawant@example.com accessed /profile at 2025-12-27T15:29:36.740Z
🔐 authorizeRoles middleware called for: GET /profile
🔐 authorizeRoles check: {
  hasUser: true,
  userRole: 'patient',
  userRoleAlt: 'patient',
  allowedRoles: [ 'patient', 'doctor', 'hospital' ],
  reqKeys: [ 'user', 'userRole', 'tokenPayload' ]
}
✅ authorizeRoles: User role: patient Allowed: [ 'patient', 'doctor', 'hospital' ]
✅ authorizeRoles: Access granted
GET /api/v1/appointments {}
🔑 Auth header: Present
🔑 Request headers keys: [ 'authorization' ]
🔑 Auth header value (first 20 chars): Bearer eyJhbGciOiJIU...
✅ Token found, verifying...
✅ User attached to request: {
  userId: '694e1f900f1755c17615f3d0',
  email: 'omsawant@example.com',
  role: 'patient',
  hasRole: true,
  userType: 'object',
  isMongooseDoc: true
}
✅ Patient ID fetched: PMJMFZ8K62CE0
✅ User authenticated: omsawant@example.com Role: patient RoleSpecificId: PMJMFZ8K62CE0
✅ Calling next() - req.user exists: true req.user.role: patient
HIPAA Warning: Request missing audit log header
HIPAA Audit: User omsawant@example.com accessed / at 2025-12-27T15:29:36.763Z
🔐 authorizeRoles middleware called for: GET /
🔐 authorizeRoles check: {
  hasUser: true,
  userRole: 'patient',
  userRoleAlt: 'patient',
  allowedRoles: [ 'patient', 'doctor', 'hospital' ],
  reqKeys: [ 'user', 'userRole', 'tokenPayload' ]
}
✅ authorizeRoles: User role: patient Allowed: [ 'patient', 'doctor', 'hospital' ]
✅ authorizeRoles: Access granted
GET /api/v1/hospitals {}
🔑 Auth header: Present
🔑 Request headers keys: [ 'authorization' ]
🔑 Auth header value (first 20 chars): Bearer eyJhbGciOiJIU...
✅ Token found, verifying...
✅ User attached to request: {
  userId: '694e1f900f1755c17615f3d0',
  email: 'omsawant@example.com',
  role: 'patient',
  hasRole: true,
  userType: 'object',
  isMongooseDoc: true
}
✅ Patient ID fetched: PMJMFZ8K62CE0
✅ User authenticated: omsawant@example.com Role: patient RoleSpecificId: PMJMFZ8K62CE0
✅ Calling next() - req.user exists: true req.user.role: patient
🔐 authorizeRoles middleware called for: GET /
🔐 authorizeRoles check: {
  hasUser: true,
  userRole: 'patient',
  userRoleAlt: 'patient',
  allowedRoles: [ 'patient', 'doctor', 'hospital' ],
  reqKeys: [ 'user', 'userRole', 'tokenPayload' ]
}
✅ authorizeRoles: User role: patient Allowed: [ 'patient', 'doctor', 'hospital' ]
✅ authorizeRoles: Access granted
✅ Found 172 hospitals/clinics (after strict filtering)
GET /api/v1/hospitals {}
🔑 Auth header: Present
🔑 Request headers keys: [ 'authorization' ]
🔑 Auth header value (first 20 chars): Bearer eyJhbGciOiJIU...
✅ Token found, verifying...
✅ User attached to request: {
  userId: '694e1f900f1755c17615f3d0',
  email: 'omsawant@example.com',
  role: 'patient',
  hasRole: true,
  userType: 'object',
  isMongooseDoc: true
}
✅ Patient ID fetched: PMJMFZ8K62CE0
✅ User authenticated: omsawant@example.com Role: patient RoleSpecificId: PMJMFZ8K62CE0
✅ Calling next() - req.user exists: true req.user.role: patient
🔐 authorizeRoles middleware called for: GET /
🔐 authorizeRoles check: {
  hasUser: true,
  userRole: 'patient',
  userRoleAlt: 'patient',
  allowedRoles: [ 'patient', 'doctor', 'hospital' ],
  reqKeys: [ 'user', 'userRole', 'tokenPayload' ]
}
✅ authorizeRoles: User role: patient Allowed: [ 'patient', 'doctor', 'hospital' ]
✅ authorizeRoles: Access granted
✅ Found 172 hospitals/clinics (after strict filtering)
GET /api/v1/hospitals {}
🔑 Auth header: Present
🔑 Request headers keys: [ 'authorization' ]
🔑 Auth header value (first 20 chars): Bearer eyJhbGciOiJIU...
✅ Token found, verifying...
✅ User attached to request: {
  userId: '694e1f900f1755c17615f3d0',
  email: 'omsawant@example.com',
  role: 'patient',
  hasRole: true,
  userType: 'object',
  isMongooseDoc: true
}
✅ Patient ID fetched: PMJMFZ8K62CE0
✅ User authenticated: omsawant@example.com Role: patient RoleSpecificId: PMJMFZ8K62CE0
✅ Calling next() - req.user exists: true req.user.role: patient
🔐 authorizeRoles middleware called for: GET /
🔐 authorizeRoles check: {
  hasUser: true,
  userRole: 'patient',
  userRoleAlt: 'patient',
  allowedRoles: [ 'patient', 'doctor', 'hospital' ],
  reqKeys: [ 'user', 'userRole', 'tokenPayload' ]
}
✅ authorizeRoles: User role: patient Allowed: [ 'patient', 'doctor', 'hospital' ]
✅ authorizeRoles: Access granted
✅ Found 118 hospitals/clinics (after strict filtering)
GET /api/v1/hospitals {}
🔑 Auth header: Present
🔑 Request headers keys: [ 'authorization' ]
🔑 Auth header value (first 20 chars): Bearer eyJhbGciOiJIU...
✅ Token found, verifying...
POST /api/v1/auth/refresh {
  refreshToken: 'eyJhbGciOiJIUzI1NiIsInR5cCI6IkpXVCJ9.eyJ1c2VySWQiOiI2OTRlMWY5MDBmMTc1NWMxNzYxNWYzZDAiLCJlbWFpbCI6Im9tc2F3YW50QGV4YW1wbGUuY29tIiwicm9sZSI6InBhdGllbnQiLCJ0eXBlIjoicmVmcmVzaCIsImlhdCI6MTc2Njg0ODUwOSwiZXhwIjoxNzY3NDUzMzA5LCJhdWQiOiJoZWFsdGhjYXJlLXBsYXRmb3JtLXVzZXJzIiwiaXNzIjoiaGVhbHRoY2FyZS1wbGF0Zm9ybSJ9.WvqIiXbAhhnd-oh0XHEJx1cb_3nsEXNI9M15Liw2EUY'
}
GET /api/v1/hospitals {}
🔑 Auth header: Present
🔑 Request headers keys: [ 'authorization' ]
🔑 Auth header value (first 20 chars): Bearer eyJhbGciOiJIU...
✅ Token found, verifying...
✅ User attached to request: {
  userId: '694e1f900f1755c17615f3d0',
  email: 'omsawant@example.com',
  role: 'patient',
  hasRole: true,
  userType: 'object',
  isMongooseDoc: true
}
✅ Patient ID fetched: PMJMFZ8K62CE0
✅ User authenticated: omsawant@example.com Role: patient RoleSpecificId: PMJMFZ8K62CE0
✅ Calling next() - req.user exists: true req.user.role: patient
🔐 authorizeRoles middleware called for: GET /
🔐 authorizeRoles check: {
  hasUser: true,
  userRole: 'patient',
  userRoleAlt: 'patient',
  allowedRoles: [ 'patient', 'doctor', 'hospital' ],
  reqKeys: [ 'user', 'userRole', 'tokenPayload' ]
}
✅ authorizeRoles: User role: patient Allowed: [ 'patient', 'doctor', 'hospital' ]
✅ authorizeRoles: Access granted
✅ Found 171 hospitals/clinics (after strict filtering)
GET /api/v1/hospitals {}
🔑 Auth header: Present
🔑 Request headers keys: [ 'authorization' ]
🔑 Auth header value (first 20 chars): Bearer eyJhbGciOiJIU...
✅ Token found, verifying...
✅ User attached to request: {
  userId: '694e1f900f1755c17615f3d0',
  email: 'omsawant@example.com',
  role: 'patient',
  hasRole: true,
  userType: 'object',
  isMongooseDoc: true
}
✅ Patient ID fetched: PMJMFZ8K62CE0
✅ User authenticated: omsawant@example.com Role: patient RoleSpecificId: PMJMFZ8K62CE0
✅ Calling next() - req.user exists: true req.user.role: patient
🔐 authorizeRoles middleware called for: GET /
🔐 authorizeRoles check: {
  hasUser: true,
  userRole: 'patient',
  userRoleAlt: 'patient',
  allowedRoles: [ 'patient', 'doctor', 'hospital' ],
  reqKeys: [ 'user', 'userRole', 'tokenPayload' ]
}
✅ authorizeRoles: User role: patient Allowed: [ 'patient', 'doctor', 'hospital' ]
✅ authorizeRoles: Access granted
✅ Found 119 hospitals/clinics (after strict filtering)
GET /api/v1/hospitals {}
🔑 Auth header: Present
🔑 Request headers keys: [ 'authorization' ]
🔑 Auth header value (first 20 chars): Bearer eyJhbGciOiJIU...
✅ Token found, verifying...
✅ User attached to request: {
  userId: '694e1f900f1755c17615f3d0',
  email: 'omsawant@example.com',
  role: 'patient',
  hasRole: true,
  userType: 'object',
  isMongooseDoc: true
}
✅ Patient ID fetched: PMJMFZ8K62CE0
✅ User authenticated: omsawant@example.com Role: patient RoleSpecificId: PMJMFZ8K62CE0
✅ Calling next() - req.user exists: true req.user.role: patient
🔐 authorizeRoles middleware called for: GET /
🔐 authorizeRoles check: {
  hasUser: true,
  userRole: 'patient',
  userRoleAlt: 'patient',
  allowedRoles: [ 'patient', 'doctor', 'hospital' ],
  reqKeys: [ 'user', 'userRole', 'tokenPayload' ]
}
✅ authorizeRoles: User role: patient Allowed: [ 'patient', 'doctor', 'hospital' ]
✅ authorizeRoles: Access granted
✅ Found 159 hospitals/clinics (after strict filtering)
