
> healthcare-frontend@0.1.0 start
> react-scripts start

[baseline-browser-mapping] The data in this module is over two months old.  To ensure accurate Baseline data, please update: `npm i baseline-browser-mapping@latest -D`
(node:7413) [DEP0176] DeprecationWarning: fs.F_OK is deprecated, use fs.constants.F_OK instead
(Use `node --trace-deprecation ...` to show where the warning was created)
(node:7413) [DEP_WEBPACK_DEV_SERVER_ON_AFTER_SETUP_MIDDLEWARE] DeprecationWarning: 'onAfterSetupMiddleware' option is deprecated. Please use the 'setupMiddlewares' option.
(node:7413) [DEP_WEBPACK_DEV_SERVER_ON_BEFORE_SETUP_MIDDLEWARE] DeprecationWarning: 'onBeforeSetupMiddleware' option is deprecated. Please use the 'setupMiddlewares' option.
Starting the development server...

Compiled with warnings.

[eslint] 
src/pages/PatientDashboard.tsx
  Line 256:6:  React Hook useCallback has an unnecessary dependency: 'navigate'. Either exclude it or remove the dependency array  react-hooks/exhaustive-deps

Search for the keywords to learn more about each warning.
To ignore, add // eslint-disable-next-line to the line before.

WARNING in [eslint] 
src/pages/PatientDashboard.tsx
  Line 256:6:  React Hook useCallback has an unnecessary dependency: 'navigate'. Either exclude it or remove the dependency array  react-hooks/exhaustive-deps

webpack compiled with 1 warning
No issues found.
Compiling...
Compiled with warnings.

[eslint] 
src/pages/PatientDashboard.tsx
  Line 256:6:  React Hook useCallback has an unnecessary dependency: 'navigate'. Either exclude it or remove the dependency array  react-hooks/exhaustive-deps

Search for the keywords to learn more about each warning.
To ignore, add // eslint-disable-next-line to the line before.

WARNING in [eslint] 
src/pages/PatientDashboard.tsx
  Line 256:6:  React Hook useCallback has an unnecessary dependency: 'navigate'. Either exclude it or remove the dependency array  react-hooks/exhaustive-deps

webpack compiled with 1 warning
No issues found.
Compiling...
Compiled with warnings.

[eslint] 
src/pages/PatientDashboard.tsx
  Line 57:7:   'formatMeters' is assigned a value but never used                                                                   @typescript-eslint/no-unused-vars
  Line 263:6:  React Hook useCallback has an unnecessary dependency: 'navigate'. Either exclude it or remove the dependency array  react-hooks/exhaustive-deps

Search for the keywords to learn more about each warning.
To ignore, add // eslint-disable-next-line to the line before.

WARNING in [eslint] 
src/pages/PatientDashboard.tsx
  Line 57:7:   'formatMeters' is assigned a value but never used                                                                   @typescript-eslint/no-unused-vars
  Line 263:6:  React Hook useCallback has an unnecessary dependency: 'navigate'. Either exclude it or remove the dependency array  react-hooks/exhaustive-deps

webpack compiled with 1 warning
Files successfully emitted, waiting for typecheck results...
Issues checking in progress...
No issues found.
Compiling...
Compiled with warnings.

[eslint] 
src/pages/PatientDashboard.tsx
  Line 263:6:  React Hook useCallback has an unnecessary dependency: 'navigate'. Either exclude it or remove the dependency array  react-hooks/exhaustive-deps

Search for the keywords to learn more about each warning.
To ignore, add // eslint-disable-next-line to the line before.

WARNING in [eslint] 
src/pages/PatientDashboard.tsx
  Line 263:6:  React Hook useCallback has an unnecessary dependency: 'navigate'. Either exclude it or remove the dependency array  react-hooks/exhaustive-deps

webpack compiled with 1 warning
No issues found.
Compiling...
Compiled with warnings.

[eslint] 
src/pages/PatientDashboard.tsx
  Line 57:7:   'formatMeters' is assigned a value but never used                                                                   @typescript-eslint/no-unused-vars
  Line 263:6:  React Hook useCallback has an unnecessary dependency: 'navigate'. Either exclude it or remove the dependency array  react-hooks/exhaustive-deps

Search for the keywords to learn more about each warning.
To ignore, add // eslint-disable-next-line to the line before.

WARNING in [eslint] 
src/pages/PatientDashboard.tsx
  Line 57:7:   'formatMeters' is assigned a value but never used                                                                   @typescript-eslint/no-unused-vars
  Line 263:6:  React Hook useCallback has an unnecessary dependency: 'navigate'. Either exclude it or remove the dependency array  react-hooks/exhaustive-deps

webpack compiled with 1 warning
No issues found.
Compiling...
Compiled with warnings.

[eslint] 
src/pages/PatientDashboard.tsx
  Line 57:7:   'formatMeters' is assigned a value but never used                                                                   @typescript-eslint/no-unused-vars
  Line 263:6:  React Hook useCallback has an unnecessary dependency: 'navigate'. Either exclude it or remove the dependency array  react-hooks/exhaustive-deps

Search for the keywords to learn more about each warning.
To ignore, add // eslint-disable-next-line to the line before.

WARNING in [eslint] 
src/pages/PatientDashboard.tsx
  Line 57:7:   'formatMeters' is assigned a value but never used                                                                   @typescript-eslint/no-unused-vars
  Line 263:6:  React Hook useCallback has an unnecessary dependency: 'navigate'. Either exclude it or remove the dependency array  react-hooks/exhaustive-deps

webpack compiled with 1 warning
No issues found.
