
> healthcare-frontend@0.1.0 start
> react-scripts start

[baseline-browser-mapping] The data in this module is over two months old.  To ensure accurate Baseline data, please update: `npm i baseline-browser-mapping@latest -D`
(node:53615) [DEP0176] DeprecationWarning: fs.F_OK is deprecated, use fs.constants.F_OK instead
(Use `node --trace-deprecation ...` to show where the warning was created)
(node:53615) [DEP_WEBPACK_DEV_SERVER_ON_AFTER_SETUP_MIDDLEWARE] DeprecationWarning: 'onAfterSetupMiddleware' option is deprecated. Please use the 'setupMiddlewares' option.
(node:53615) [DEP_WEBPACK_DEV_SERVER_ON_BEFORE_SETUP_MIDDLEWARE] DeprecationWarning: 'onBeforeSetupMiddleware' option is deprecated. Please use the 'setupMiddlewares' option.
Starting the development server...

Compiled with warnings.

[eslint] 
src/pages/FindHospitals.tsx
  Line 36:10:  'placesService' is assigned a value but never used                                                                  @typescript-eslint/no-unused-vars
  Line 37:10:  'markers' is assigned a value but never used                                                                        @typescript-eslint/no-unused-vars
  Line 69:6:   React Hook useEffect has a missing dependency: 'getUserLocation'. Either include it or remove the dependency array  react-hooks/exhaustive-deps

Search for the keywords to learn more about each warning.
To ignore, add // eslint-disable-next-line to the line before.

WARNING in [eslint] 
src/pages/FindHospitals.tsx
  Line 36:10:  'placesService' is assigned a value but never used                                                                  @typescript-eslint/no-unused-vars
  Line 37:10:  'markers' is assigned a value but never used                                                                        @typescript-eslint/no-unused-vars
  Line 69:6:   React Hook useEffect has a missing dependency: 'getUserLocation'. Either include it or remove the dependency array  react-hooks/exhaustive-deps

webpack compiled with 1 warning
No issues found.
Compiling...
Compiled with warnings.

[eslint] 
src/pages/FindHospitals.tsx
  Line 168:10:  'userLocation' is assigned a value but never used  @typescript-eslint/no-unused-vars

Search for the keywords to learn more about each warning.
To ignore, add // eslint-disable-next-line to the line before.

WARNING in [eslint] 
src/pages/FindHospitals.tsx
  Line 168:10:  'userLocation' is assigned a value but never used  @typescript-eslint/no-unused-vars

webpack compiled with 1 warning
Files successfully emitted, waiting for typecheck results...
Issues checking in progress...
ERROR in src/pages/FindHospitals.tsx:381:23
TS2802: Type 'IterableIterator<any>' can only be iterated through when using the '--downlevelIteration' flag or with a '--target' of 'es2015' or higher.
    379 |
    380 |       const items: FacilityItem[] = [];
  > 381 |       for (const p of merged.values()) {
        |                       ^^^^^^^^^^^^^^^
    382 |         const it = mapPlaceToItemNew(p, userLatLng, radiusM, openFilter);
    383 |         if (it) items.push(it);
    384 |       }

ERROR in src/pages/FindHospitals.tsx:413:23
TS2802: Type 'IterableIterator<any>' can only be iterated through when using the '--downlevelIteration' flag or with a '--target' of 'es2015' or higher.
    411 |
    412 |       const items: FacilityItem[] = [];
  > 413 |       for (const p of merged.values()) {
        |                       ^^^^^^^^^^^^^^^
    414 |         const it = mapPlaceToItemLegacy(p, userLatLng, radiusM, openFilter);
    415 |         if (it) items.push(it);
    416 |       }

Compiling...
Compiled with warnings.

[eslint] 
src/pages/FindHospitals.tsx
  Line 168:10:  'userLocation' is assigned a value but never used  @typescript-eslint/no-unused-vars

Search for the keywords to learn more about each warning.
To ignore, add // eslint-disable-next-line to the line before.

WARNING in [eslint] 
src/pages/FindHospitals.tsx
  Line 168:10:  'userLocation' is assigned a value but never used  @typescript-eslint/no-unused-vars

webpack compiled with 1 warning
ERROR in src/pages/FindHospitals.tsx:381:23
TS2802: Type 'IterableIterator<any>' can only be iterated through when using the '--downlevelIteration' flag or with a '--target' of 'es2015' or higher.
    379 |
    380 |       const items: FacilityItem[] = [];
  > 381 |       for (const p of merged.values()) {
        |                       ^^^^^^^^^^^^^^^
    382 |         const it = mapPlaceToItemNew(p, userLatLng, radiusM, openFilter);
    383 |         if (it) items.push(it);
    384 |       }

ERROR in src/pages/FindHospitals.tsx:413:23
TS2802: Type 'IterableIterator<any>' can only be iterated through when using the '--downlevelIteration' flag or with a '--target' of 'es2015' or higher.
    411 |
    412 |       const items: FacilityItem[] = [];
  > 413 |       for (const p of merged.values()) {
        |                       ^^^^^^^^^^^^^^^
    414 |         const it = mapPlaceToItemLegacy(p, userLatLng, radiusM, openFilter);
    415 |         if (it) items.push(it);
    416 |       }

Compiling...
Compiled with warnings.

[eslint] 
src/pages/FindHospitals.tsx
  Line 168:10:  'userLocation' is assigned a value but never used  @typescript-eslint/no-unused-vars

Search for the keywords to learn more about each warning.
To ignore, add // eslint-disable-next-line to the line before.

WARNING in [eslint] 
src/pages/FindHospitals.tsx
  Line 168:10:  'userLocation' is assigned a value but never used  @typescript-eslint/no-unused-vars

webpack compiled with 1 warning
ERROR in src/pages/FindHospitals.tsx:381:23
TS2802: Type 'IterableIterator<any>' can only be iterated through when using the '--downlevelIteration' flag or with a '--target' of 'es2015' or higher.
    379 |
    380 |       const items: FacilityItem[] = [];
  > 381 |       for (const p of merged.values()) {
        |                       ^^^^^^^^^^^^^^^
    382 |         const it = mapPlaceToItemNew(p, userLatLng, radiusM, openFilter);
    383 |         if (it) items.push(it);
    384 |       }

ERROR in src/pages/FindHospitals.tsx:413:23
TS2802: Type 'IterableIterator<any>' can only be iterated through when using the '--downlevelIteration' flag or with a '--target' of 'es2015' or higher.
    411 |
    412 |       const items: FacilityItem[] = [];
  > 413 |       for (const p of merged.values()) {
        |                       ^^^^^^^^^^^^^^^
    414 |         const it = mapPlaceToItemLegacy(p, userLatLng, radiusM, openFilter);
    415 |         if (it) items.push(it);
    416 |       }

Compiling...
Compiled with warnings.

[eslint] 
src/pages/FindHospitals.tsx
  Line 168:10:  'userLocation' is assigned a value but never used  @typescript-eslint/no-unused-vars

Search for the keywords to learn more about each warning.
To ignore, add // eslint-disable-next-line to the line before.

WARNING in [eslint] 
src/pages/FindHospitals.tsx
  Line 168:10:  'userLocation' is assigned a value but never used  @typescript-eslint/no-unused-vars

webpack compiled with 1 warning
ERROR in src/pages/FindHospitals.tsx:381:23
TS2802: Type 'IterableIterator<any>' can only be iterated through when using the '--downlevelIteration' flag or with a '--target' of 'es2015' or higher.
    379 |
    380 |       const items: FacilityItem[] = [];
  > 381 |       for (const p of merged.values()) {
        |                       ^^^^^^^^^^^^^^^
    382 |         const it = mapPlaceToItemNew(p, userLatLng, radiusM, openFilter);
    383 |         if (it) items.push(it);
    384 |       }

ERROR in src/pages/FindHospitals.tsx:413:23
TS2802: Type 'IterableIterator<any>' can only be iterated through when using the '--downlevelIteration' flag or with a '--target' of 'es2015' or higher.
    411 |
    412 |       const items: FacilityItem[] = [];
  > 413 |       for (const p of merged.values()) {
        |                       ^^^^^^^^^^^^^^^
    414 |         const it = mapPlaceToItemLegacy(p, userLatLng, radiusM, openFilter);
    415 |         if (it) items.push(it);
    416 |       }

Compiling...
Compiled with warnings.

[eslint] 
src/pages/FindHospitals.tsx
  Line 36:10:  'placesService' is assigned a value but never used                                                                  @typescript-eslint/no-unused-vars
  Line 37:10:  'markers' is assigned a value but never used                                                                        @typescript-eslint/no-unused-vars
  Line 70:6:   React Hook useEffect has a missing dependency: 'getUserLocation'. Either include it or remove the dependency array  react-hooks/exhaustive-deps

Search for the keywords to learn more about each warning.
To ignore, add // eslint-disable-next-line to the line before.

WARNING in [eslint] 
src/pages/FindHospitals.tsx
  Line 36:10:  'placesService' is assigned a value but never used                                                                  @typescript-eslint/no-unused-vars
  Line 37:10:  'markers' is assigned a value but never used                                                                        @typescript-eslint/no-unused-vars
  Line 70:6:   React Hook useEffect has a missing dependency: 'getUserLocation'. Either include it or remove the dependency array  react-hooks/exhaustive-deps

webpack compiled with 1 warning
Compiling...
Files successfully emitted, waiting for typecheck results...
Issues checking in progress...
Compiled with warnings.

[eslint] 
src/pages/FindHospitals.tsx
  Line 36:10:  'placesService' is assigned a value but never used                                                                  @typescript-eslint/no-unused-vars
  Line 37:10:  'markers' is assigned a value but never used                                                                        @typescript-eslint/no-unused-vars
  Line 70:6:   React Hook useEffect has a missing dependency: 'getUserLocation'. Either include it or remove the dependency array  react-hooks/exhaustive-deps

Search for the keywords to learn more about each warning.
To ignore, add // eslint-disable-next-line to the line before.

WARNING in [eslint] 
src/pages/FindHospitals.tsx
  Line 36:10:  'placesService' is assigned a value but never used                                                                  @typescript-eslint/no-unused-vars
  Line 37:10:  'markers' is assigned a value but never used                                                                        @typescript-eslint/no-unused-vars
  Line 70:6:   React Hook useEffect has a missing dependency: 'getUserLocation'. Either include it or remove the dependency array  react-hooks/exhaustive-deps

webpack compiled with 1 warning
Files successfully emitted, waiting for typecheck results...
Issues checking in progress...
No issues found.
Compiling...
Compiled with warnings.

[eslint] 
src/pages/FindHospitals.tsx
  Line 36:10:  'placesService' is assigned a value but never used                                                                  @typescript-eslint/no-unused-vars
  Line 37:10:  'markers' is assigned a value but never used                                                                        @typescript-eslint/no-unused-vars
  Line 70:6:   React Hook useEffect has a missing dependency: 'getUserLocation'. Either include it or remove the dependency array  react-hooks/exhaustive-deps

Search for the keywords to learn more about each warning.
To ignore, add // eslint-disable-next-line to the line before.

WARNING in [eslint] 
src/pages/FindHospitals.tsx
  Line 36:10:  'placesService' is assigned a value but never used                                                                  @typescript-eslint/no-unused-vars
  Line 37:10:  'markers' is assigned a value but never used                                                                        @typescript-eslint/no-unused-vars
  Line 70:6:   React Hook useEffect has a missing dependency: 'getUserLocation'. Either include it or remove the dependency array  react-hooks/exhaustive-deps

webpack compiled with 1 warning
No issues found.
